---
source: inline/tests/lexer/mod.rs
info: "Test 'not-bold' from 'bold.yml'"
---
** not bold **
**
^^ -> Plain @ (1:1)->(1:3)
   
  ^ -> Whitespace @ (1:3)->(1:4)
   not
   ^^^ -> Plain @ (1:4)->(1:7)
       
      ^ -> Whitespace @ (1:7)->(1:8)
       bold
       ^^^^ -> Plain @ (1:8)->(1:12)
            
           ^ -> Whitespace @ (1:12)->(1:13)
            **
            ^^ -> Plain @ (1:13)->(1:15)
              ⏎
              ^ -> Newline @ (1:15)->(2:1)

---
With input:

** not bold **


