---
source: inline/tests/parser/mod.rs
info: "Test 'simple-citation' from 'markup\\citation.yml'"
---
Citation @ (1:1)->(1:11) (
    id-0='cite-id'
)

---
With input:

[&&cite-id]


