---
source: core/tests/runner/mod.rs
info: "Test 'paragraph-with-inlines' from: markup/blocks/paragraph.yml"
---
Paragraph(Paragraph **with** inlines.)
---
With input:

Paragraph **with** inlines.


