---
source: core/tests/runner/mod.rs
description: "Parse a simple paragraph.\n"
info: "Test 'simple-paragraph' from: markup/blocks/paragraph.yml"
---
Paragraph(Simple paragraph.)
---
With input:

Simple paragraph.


