---
source: core/tests/runner/mod.rs
info: "Test 'heading-lvl2-with-inlines' from: markup\\blocks\\heading.yml"
---
Heading-level-2(Heading **with** inlines.)
---
With input:

## Heading **with** inlines.


