---
source: frontend/tests/parser/mod.rs
info: "Test 'ambiguous-end' from 'markup/bold.yml'"
---
Paragraph @ (0 -> 28) {
  The next **word*** is bold.
}


---
With input:

The next **word*** is bold.
