---
source: frontend/tests/parser/mod.rs
info: "Test 'not-opened-bold' from 'markup/bold.yml'"
---
Paragraph @ (0 -> 14) {
  ** not bold**
}


---
With input:

** not bold**
