---
source: inline/tests/parser/mod.rs
info: "Test 'escaped-verbatim' from 'verbatim.yml'"
---
Plain @ (1:2)->(1:17) (
    `not verbatim`
)

---
With input:

\`not verbatim\`


