---
source: inline/tests/parser/mod.rs
info: "Test 'simple-verbatim' from 'verbatim.yml'"
---
Verbatim @ (1:1)->(1:11) (
     Verbatim
    ^^^^^^^^^^
)

---
With input:

`Verbatim`


